2026-04-24 11:27:42,860 - nba_prediction - INFO - 数据库管理器初始化，数据库路径: /app/data/所有对话/主对话/NBA比赛预测项目/data/nba.db
2026-04-24 11:27:57,442 - nba_prediction - INFO - 数据库管理器初始化，数据库路径: /app/data/所有对话/主对话/NBA比赛预测项目/data/nba.db
2026-04-24 11:28:15,357 - nba_prediction - INFO - 数据库管理器初始化，数据库路径: /app/data/所有对话/主对话/NBA比赛预测项目/data/nba.db
2026-04-24 11:28:15,444 - nba_prediction - INFO - 数据库连接已建立
2026-04-24 11:28:16,626 - nba_prediction - INFO - 数据库表创建完成
2026-04-24 11:28:16,626 - nba_prediction - INFO - 数据库初始化完成
2026-04-24 11:28:40,778 - nba_prediction - INFO - 数据库管理器初始化，数据库路径: /app/data/所有对话/主对话/NBA比赛预测项目/data/nba.db
2026-04-24 11:28:40,932 - nba_prediction - INFO - 数据库连接已建立
2026-04-24 11:28:41,350 - nba_prediction - INFO - 数据库表创建完成
2026-04-24 11:28:41,350 - nba_prediction - INFO - 数据库初始化完成
2026-04-24 11:28:55,262 - nba_prediction - INFO - 数据库管理器初始化，数据库路径: /app/data/所有对话/主对话/NBA比赛预测项目/data/nba.db
2026-04-24 11:28:55,330 - nba_prediction - INFO - 数据库连接已建立
2026-04-24 11:28:55,740 - nba_prediction - INFO - 数据库表创建完成
2026-04-24 11:28:55,741 - nba_prediction - INFO - 数据库初始化完成
2026-04-24 11:28:55,762 - nba_prediction - ERROR - 预测失败: predict_game() takes 0 positional arguments but 2 were given
2026-04-24 11:29:35,187 - nba_prediction - INFO - 数据库管理器初始化，数据库路径: /app/data/所有对话/主对话/NBA比赛预测项目/data/nba.db
2026-04-24 11:29:35,318 - nba_prediction - INFO - 数据库连接已建立
2026-04-24 11:29:35,704 - nba_prediction - INFO - 数据库表创建完成
2026-04-24 11:29:35,704 - nba_prediction - INFO - 数据库初始化完成
2026-04-24 11:29:35,731 - nba_prediction - ERROR - 预测失败: predict_game() takes 0 positional arguments but 2 were given
2026-04-24 11:30:35,958 - nba_prediction - INFO - 数据库管理器初始化，数据库路径: /app/data/所有对话/主对话/NBA比赛预测项目/data/nba.db
2026-04-24 11:30:36,013 - nba_prediction - INFO - 数据库连接已建立
2026-04-24 11:30:36,634 - nba_prediction - INFO - 数据库表创建完成
2026-04-24 11:30:36,634 - nba_prediction - INFO - 数据库初始化完成
2026-04-24 11:30:36,661 - nba_prediction - ERROR - 预测失败: predict_game() takes 0 positional arguments but 2 were given
2026-04-24 11:31:05,084 - nba_prediction - INFO - 数据库管理器初始化，数据库路径: /app/data/所有对话/主对话/NBA比赛预测项目/data/nba.db
2026-04-24 11:31:05,138 - nba_prediction - INFO - 数据库连接已建立
2026-04-24 11:31:05,529 - nba_prediction - INFO - 数据库表创建完成
2026-04-24 11:31:05,529 - nba_prediction - INFO - 数据库初始化完成
2026-04-24 11:31:33,564 - nba_prediction - INFO - 数据库管理器初始化，数据库路径: /app/data/所有对话/主对话/NBA比赛预测项目/data/nba.db
2026-04-24 11:31:33,721 - nba_prediction - INFO - 数据库连接已建立
2026-04-24 11:31:34,167 - nba_prediction - INFO - 数据库表创建完成
2026-04-24 11:31:34,168 - nba_prediction - INFO - 数据库初始化完成
2026-04-24 13:42:11,958 - nba_prediction - INFO - 数据库管理器初始化，数据库路径: G:\NBA比赛预测项目\data\nba.db
2026-04-24 13:42:11,965 - nba_prediction - INFO - 数据库连接已建立
2026-04-24 13:42:11,970 - nba_prediction - INFO - 数据库表创建完成
2026-04-24 13:42:11,971 - nba_prediction - INFO - 数据库初始化完成
2026-04-24 13:42:14,369 - nba_prediction - INFO - 数据库管理器初始化，数据库路径: G:\NBA比赛预测项目\data\nba.db
2026-04-24 13:42:14,372 - nba_prediction - INFO - 数据库连接已建立
2026-04-24 13:42:14,374 - nba_prediction - INFO - 数据库表创建完成
2026-04-24 13:42:14,374 - nba_prediction - INFO - 数据库初始化完成
2026-04-24 13:43:06,935 - nba_prediction - ERROR - 数据库操作失败: UNIQUE constraint failed: prediction_results.prediction_id
2026-04-24 13:43:06,935 - nba_prediction - ERROR - 函数 insert_prediction 执行失败，耗时: 0.00s，错误: UNIQUE constraint failed: prediction_results.prediction_id
2026-04-24 13:43:06,935 - nba_prediction - WARNING - 保存预测结果失败: UNIQUE constraint failed: prediction_results.prediction_id
2026-05-14 15:34:52,225 - nba_prediction - INFO - DatabaseManager initialized at D:\vs.py\NBA\NBA_Prediction_TJCEIE\data\nba.db
2026-05-14 15:34:52,226 - nba_prediction - INFO - Database connection established
2026-05-14 15:34:52,247 - nba_prediction - INFO - Database tables created
2026-05-14 15:34:52,247 - nba_prediction - INFO - Database initialized
2026-05-14 15:34:53,984 - nba_prediction - INFO - DatabaseManager initialized at D:\vs.py\NBA\NBA_Prediction_TJCEIE\data\nba.db
2026-05-14 15:34:53,985 - nba_prediction - INFO - Database connection established
2026-05-14 15:34:53,985 - nba_prediction - INFO - Database tables created
2026-05-14 15:34:53,985 - nba_prediction - INFO - Database initialized
2026-05-14 15:54:20,494 - nba_prediction - INFO - DatabaseManager initialized at d:\vs.py\NBA\NBA_Prediction_TJCEIE\data\nba.db
2026-05-14 15:54:20,495 - nba_prediction - INFO - Database connection established
2026-05-14 15:54:20,495 - nba_prediction - INFO - Database tables created
2026-05-14 15:54:20,495 - nba_prediction - INFO - Database initialized
2026-05-14 15:54:22,154 - nba_prediction - INFO - DatabaseManager initialized at d:\vs.py\NBA\NBA_Prediction_TJCEIE\data\nba.db
2026-05-14 15:54:22,155 - nba_prediction - INFO - Database connection established
2026-05-14 15:54:22,155 - nba_prediction - INFO - Database tables created
2026-05-14 15:54:22,155 - nba_prediction - INFO - Database initialized
2026-05-14 15:56:08,365 - nba_prediction - INFO - DatabaseManager initialized at d:\vs.py\NBA\NBA_Prediction_TJCEIE\data\nba.db
2026-05-14 15:56:08,365 - nba_prediction - INFO - Database connection established
2026-05-14 15:56:08,366 - nba_prediction - INFO - Database tables created
2026-05-14 15:56:08,366 - nba_prediction - INFO - Database initialized
2026-05-14 15:56:10,205 - nba_prediction - INFO - DatabaseManager initialized at d:\vs.py\NBA\NBA_Prediction_TJCEIE\data\nba.db
2026-05-14 15:56:10,206 - nba_prediction - INFO - Database connection established
2026-05-14 15:56:10,206 - nba_prediction - INFO - Database tables created
2026-05-14 15:56:10,206 - nba_prediction - INFO - Database initialized
2026-05-14 15:58:07,063 - nba_prediction - INFO - DatabaseManager initialized at D:\vs.py\NBA\NBA_Prediction_TJCEIE\data\nba.db
2026-05-14 15:58:07,064 - nba_prediction - INFO - Database connection established
2026-05-14 15:58:07,064 - nba_prediction - INFO - Database tables created
2026-05-14 15:58:07,064 - nba_prediction - INFO - Database initialized
2026-05-14 15:58:08,791 - nba_prediction - INFO - DatabaseManager initialized at D:\vs.py\NBA\NBA_Prediction_TJCEIE\data\nba.db
2026-05-14 15:58:08,792 - nba_prediction - INFO - Database connection established
2026-05-14 15:58:08,792 - nba_prediction - INFO - Database tables created
2026-05-14 15:58:08,792 - nba_prediction - INFO - Database initialized
2026-05-14 16:01:32,382 - nba_prediction - INFO - DatabaseManager initialized at D:\vs.py\NBA\NBA_Prediction_TJCEIE\data\nba.db
2026-05-14 16:01:32,385 - nba_prediction - INFO - Database connection established
2026-05-14 16:01:32,385 - nba_prediction - INFO - Database tables created
2026-05-14 16:01:32,386 - nba_prediction - INFO - Database initialized
2026-05-14 16:01:33,902 - nba_prediction - INFO - DatabaseManager initialized at D:\vs.py\NBA\NBA_Prediction_TJCEIE\data\nba.db
2026-05-14 16:01:33,903 - nba_prediction - INFO - Database connection established
2026-05-14 16:01:33,903 - nba_prediction - INFO - Database tables created
2026-05-14 16:01:33,904 - nba_prediction - INFO - Database initialized
2026-05-14 16:05:03,485 - nba_prediction - INFO - DatabaseManager initialized at D:\vs.py\NBA\NBA_Prediction_TJCEIE\data\nba.db
2026-05-14 16:05:03,487 - nba_prediction - INFO - Database connection established
2026-05-14 16:05:03,488 - nba_prediction - INFO - Database tables created
2026-05-14 16:05:03,488 - nba_prediction - INFO - Database initialized
2026-05-14 16:05:06,214 - nba_prediction - INFO - DatabaseManager initialized at D:\vs.py\NBA\NBA_Prediction_TJCEIE\data\nba.db
2026-05-14 16:05:06,215 - nba_prediction - INFO - Database connection established
2026-05-14 16:05:06,216 - nba_prediction - INFO - Database tables created
2026-05-14 16:05:06,216 - nba_prediction - INFO - Database initialized
2026-05-14 16:05:19,510 - nba_prediction - INFO - DatabaseManager initialized at D:\vs.py\NBA\NBA_Prediction_TJCEIE\data\nba.db
2026-05-14 16:05:19,511 - nba_prediction - INFO - Database connection established
2026-05-14 16:05:19,511 - nba_prediction - INFO - Database tables created
2026-05-14 16:05:19,511 - nba_prediction - INFO - Database initialized
2026-05-14 16:05:21,159 - nba_prediction - INFO - DatabaseManager initialized at D:\vs.py\NBA\NBA_Prediction_TJCEIE\data\nba.db
2026-05-14 16:05:21,160 - nba_prediction - INFO - Database connection established
2026-05-14 16:05:21,160 - nba_prediction - INFO - Database tables created
2026-05-14 16:05:21,160 - nba_prediction - INFO - Database initialized
2026-05-14 16:05:40,808 - nba_prediction - INFO - DatabaseManager initialized at D:\vs.py\NBA\NBA_Prediction_TJCEIE\data\nba.db
2026-05-14 16:05:40,810 - nba_prediction - INFO - Database connection established
2026-05-14 16:05:40,811 - nba_prediction - INFO - Database tables created
2026-05-14 16:05:40,811 - nba_prediction - INFO - Database initialized
2026-05-14 16:05:43,921 - nba_prediction - INFO - DatabaseManager initialized at D:\vs.py\NBA\NBA_Prediction_TJCEIE\data\nba.db
2026-05-14 16:05:43,922 - nba_prediction - INFO - Database connection established
2026-05-14 16:05:43,923 - nba_prediction - INFO - Database tables created
2026-05-14 16:05:43,923 - nba_prediction - INFO - Database initialized
2026-05-14 16:06:10,476 - nba_prediction - INFO - DatabaseManager initialized at D:\vs.py\NBA\NBA_Prediction_TJCEIE\data\nba.db
2026-05-14 16:06:10,477 - nba_prediction - INFO - Database connection established
2026-05-14 16:06:10,479 - nba_prediction - INFO - Database tables created
2026-05-14 16:06:10,479 - nba_prediction - INFO - Database initialized
2026-05-14 16:06:12,623 - nba_prediction - INFO - DatabaseManager initialized at D:\vs.py\NBA\NBA_Prediction_TJCEIE\data\nba.db
2026-05-14 16:06:12,624 - nba_prediction - INFO - Database connection established
2026-05-14 16:06:12,624 - nba_prediction - INFO - Database tables created
2026-05-14 16:06:12,624 - nba_prediction - INFO - Database initialized
2026-05-14 16:11:53,267 - nba_prediction - INFO - DatabaseManager initialized at D:\vs.py\NBA\NBA_Prediction_TJCEIE\data\nba.db
2026-05-14 16:11:53,268 - nba_prediction - INFO - Database connection established
2026-05-14 16:11:53,269 - nba_prediction - INFO - Database tables created
2026-05-14 16:11:53,269 - nba_prediction - INFO - Database initialized
2026-05-14 16:11:53,309 - nba_prediction - INFO - DatabaseManager initialized at D:\vs.py\NBA\NBA_Prediction_TJCEIE\data\nba.db
2026-05-14 16:11:53,310 - nba_prediction - INFO - Database connection established
2026-05-14 16:11:53,310 - nba_prediction - INFO - Database tables created
2026-05-14 16:11:53,310 - nba_prediction - INFO - Database initialized
2026-05-14 16:11:53,412 - nba_prediction - INFO - DatabaseManager initialized at D:\vs.py\NBA\NBA_Prediction_TJCEIE\data\nba.db
2026-05-14 16:11:53,412 - nba_prediction - INFO - DatabaseManager initialized at D:\vs.py\NBA\NBA_Prediction_TJCEIE\data\nba.db
2026-05-14 16:11:53,413 - nba_prediction - INFO - Database connection established
2026-05-14 16:11:53,413 - nba_prediction - INFO - Database connection established
2026-05-14 16:11:53,413 - nba_prediction - INFO - Database tables created
2026-05-14 16:11:53,413 - nba_prediction - INFO - Database tables created
2026-05-14 16:11:53,413 - nba_prediction - INFO - Database initialized
2026-05-14 16:11:53,413 - nba_prediction - INFO - Database initialized
2026-05-14 16:12:02,558 - nba_prediction - INFO - DatabaseManager initialized at D:\vs.py\NBA\NBA_Prediction_TJCEIE\data\nba.db
2026-05-14 16:12:02,559 - nba_prediction - INFO - DatabaseManager initialized at D:\vs.py\NBA\NBA_Prediction_TJCEIE\data\nba.db
2026-05-14 16:12:02,560 - nba_prediction - INFO - Database connection established
2026-05-14 16:12:02,560 - nba_prediction - INFO - Database connection established
2026-05-14 16:12:02,560 - nba_prediction - INFO - Database tables created
2026-05-14 16:12:02,560 - nba_prediction - INFO - Database initialized
2026-05-14 16:12:02,570 - nba_prediction - INFO - Database tables created
2026-05-14 16:12:02,570 - nba_prediction - INFO - Database initialized
2026-05-14 16:12:02,579 - nba_prediction - INFO - DatabaseManager initialized at D:\vs.py\NBA\NBA_Prediction_TJCEIE\data\nba.db
2026-05-14 16:12:02,580 - nba_prediction - INFO - Database connection established
2026-05-14 16:12:02,581 - nba_prediction - INFO - Database tables created
2026-05-14 16:12:02,581 - nba_prediction - INFO - Database initialized
2026-05-14 16:12:02,584 - nba_prediction - INFO - DatabaseManager initialized at D:\vs.py\NBA\NBA_Prediction_TJCEIE\data\nba.db
2026-05-14 16:12:02,585 - nba_prediction - INFO - Database connection established
2026-05-14 16:12:02,587 - nba_prediction - INFO - Database tables created
2026-05-14 16:12:02,587 - nba_prediction - INFO - Database initialized
2026-05-14 16:12:20,972 - nba_prediction - INFO - DatabaseManager initialized at D:\vs.py\NBA\NBA_Prediction_TJCEIE\data\nba.db
2026-05-14 16:12:20,974 - nba_prediction - INFO - Database connection established
2026-05-14 16:12:20,974 - nba_prediction - INFO - Database tables created
2026-05-14 16:12:20,974 - nba_prediction - INFO - Database initialized
2026-05-14 16:12:20,997 - nba_prediction - INFO - DatabaseManager initialized at D:\vs.py\NBA\NBA_Prediction_TJCEIE\data\nba.db
2026-05-14 16:12:20,998 - nba_prediction - INFO - Database connection established
2026-05-14 16:12:20,998 - nba_prediction - INFO - Database tables created
2026-05-14 16:12:20,999 - nba_prediction - INFO - Database initialized
2026-05-14 16:12:21,076 - nba_prediction - INFO - DatabaseManager initialized at D:\vs.py\NBA\NBA_Prediction_TJCEIE\data\nba.db
2026-05-14 16:12:21,078 - nba_prediction - INFO - Database connection established
2026-05-14 16:12:21,078 - nba_prediction - INFO - Database tables created
2026-05-14 16:12:21,078 - nba_prediction - INFO - Database initialized
2026-05-14 16:12:21,117 - nba_prediction - INFO - DatabaseManager initialized at D:\vs.py\NBA\NBA_Prediction_TJCEIE\data\nba.db
2026-05-14 16:12:21,118 - nba_prediction - INFO - Database connection established
2026-05-14 16:12:21,119 - nba_prediction - INFO - Database tables created
2026-05-14 16:12:21,119 - nba_prediction - INFO - Database initialized
2026-05-14 16:14:04,210 - nba_prediction - INFO - DatabaseManager initialized at D:\vs.py\NBA\NBA_Prediction_TJCEIE\data\nba.db
2026-05-14 16:14:04,211 - nba_prediction - INFO - Database connection established
2026-05-14 16:14:04,212 - nba_prediction - INFO - Database tables created
2026-05-14 16:14:04,213 - nba_prediction - INFO - Database initialized
2026-05-14 16:14:06,872 - nba_prediction - INFO - DatabaseManager initialized at D:\vs.py\NBA\NBA_Prediction_TJCEIE\data\nba.db
2026-05-14 16:14:06,873 - nba_prediction - INFO - Database connection established
2026-05-14 16:14:06,874 - nba_prediction - INFO - Database tables created
2026-05-14 16:14:06,874 - nba_prediction - INFO - Database initialized
2026-05-14 16:14:40,979 - nba_prediction - INFO - DatabaseManager initialized at D:\vs.py\NBA\NBA_Prediction_TJCEIE\data\nba.db
2026-05-14 16:14:40,980 - nba_prediction - INFO - Database connection established
2026-05-14 16:14:40,981 - nba_prediction - INFO - Database tables created
2026-05-14 16:14:40,981 - nba_prediction - INFO - Database initialized
2026-05-14 16:14:42,837 - nba_prediction - INFO - DatabaseManager initialized at D:\vs.py\NBA\NBA_Prediction_TJCEIE\data\nba.db
2026-05-14 16:14:42,837 - nba_prediction - INFO - Database connection established
2026-05-14 16:14:42,838 - nba_prediction - INFO - Database tables created
2026-05-14 16:14:42,838 - nba_prediction - INFO - Database initialized
2026-05-14 16:20:55,087 - nba_prediction - INFO - DatabaseManager initialized at D:\vs.py\NBA\NBA_Prediction_TJCEIE\data\nba.db
2026-05-14 16:20:55,088 - nba_prediction - INFO - Database connection established
2026-05-14 16:20:55,090 - nba_prediction - INFO - Database tables created
2026-05-14 16:20:55,090 - nba_prediction - INFO - Database initialized
2026-05-14 16:20:55,116 - nba_prediction - INFO - DatabaseManager initialized at D:\vs.py\NBA\NBA_Prediction_TJCEIE\data\nba.db
2026-05-14 16:20:55,118 - nba_prediction - INFO - Database connection established
2026-05-14 16:20:55,119 - nba_prediction - INFO - Database tables created
2026-05-14 16:20:55,119 - nba_prediction - INFO - Database initialized
2026-05-14 16:20:55,195 - nba_prediction - INFO - DatabaseManager initialized at D:\vs.py\NBA\NBA_Prediction_TJCEIE\data\nba.db
2026-05-14 16:20:55,196 - nba_prediction - INFO - Database connection established
2026-05-14 16:20:55,198 - nba_prediction - INFO - Database tables created
2026-05-14 16:20:55,198 - nba_prediction - INFO - Database initialized
2026-05-14 16:20:55,297 - nba_prediction - INFO - DatabaseManager initialized at D:\vs.py\NBA\NBA_Prediction_TJCEIE\data\nba.db
2026-05-14 16:20:55,298 - nba_prediction - INFO - Database connection established
2026-05-14 16:20:55,299 - nba_prediction - INFO - Database tables created
2026-05-14 16:20:55,299 - nba_prediction - INFO - Database initialized
2026-05-14 16:20:55,341 - nba_prediction - INFO - DatabaseManager initialized at D:\vs.py\NBA\NBA_Prediction_TJCEIE\data\nba.db
2026-05-14 16:20:55,342 - nba_prediction - INFO - Database connection established
2026-05-14 16:20:55,344 - nba_prediction - INFO - Database tables created
2026-05-14 16:20:55,344 - nba_prediction - INFO - Database initialized
2026-05-14 16:25:52,384 - nba_prediction - INFO - DatabaseManager initialized at D:\vs.py\NBA\NBA_Prediction_TJCEIE\data\nba.db
2026-05-14 16:25:52,385 - nba_prediction - INFO - Database connection established
2026-05-14 16:25:52,386 - nba_prediction - INFO - Database tables created
2026-05-14 16:25:52,387 - nba_prediction - INFO - Database initialized
2026-05-14 16:25:55,686 - nba_prediction - INFO - DatabaseManager initialized at D:\vs.py\NBA\NBA_Prediction_TJCEIE\data\nba.db
2026-05-14 16:25:55,689 - nba_prediction - INFO - Database connection established
2026-05-14 16:25:55,690 - nba_prediction - INFO - Database tables created
2026-05-14 16:25:55,690 - nba_prediction - INFO - Database initialized
2026-05-14 16:28:35,022 - nba_prediction - INFO - DatabaseManager initialized at D:\vs.py\NBA\NBA_Prediction_TJCEIE\data\nba.db
2026-05-14 16:28:35,023 - nba_prediction - INFO - Database connection established
2026-05-14 16:28:35,025 - nba_prediction - INFO - Database tables created
2026-05-14 16:28:35,026 - nba_prediction - INFO - Database initialized
2026-05-14 16:28:36,720 - nba_prediction - INFO - DatabaseManager initialized at D:\vs.py\NBA\NBA_Prediction_TJCEIE\data\nba.db
2026-05-14 16:28:36,721 - nba_prediction - INFO - Database connection established
2026-05-14 16:28:36,722 - nba_prediction - INFO - Database tables created
2026-05-14 16:28:36,722 - nba_prediction - INFO - Database initialized
2026-05-14 16:29:12,696 - nba_prediction - INFO - DatabaseManager initialized at D:\vs.py\NBA\NBA_Prediction_TJCEIE\data\nba.db
2026-05-14 16:29:12,697 - nba_prediction - INFO - Database connection established
2026-05-14 16:29:12,698 - nba_prediction - INFO - Database tables created
2026-05-14 16:29:12,698 - nba_prediction - INFO - Database initialized
2026-05-14 16:29:12,893 - nba_prediction - INFO - DatabaseManager initialized at D:\vs.py\NBA\NBA_Prediction_TJCEIE\data\nba.db
2026-05-14 16:29:12,895 - nba_prediction - INFO - Database connection established
2026-05-14 16:29:12,896 - nba_prediction - INFO - Database tables created
2026-05-14 16:29:12,896 - nba_prediction - INFO - Database initialized
2026-05-14 16:31:34,675 - nba_prediction - INFO - DatabaseManager initialized at D:\vs.py\NBA\NBA_Prediction_TJCEIE\data\nba.db
2026-05-14 16:31:34,677 - nba_prediction - INFO - Database connection established
2026-05-14 16:31:34,678 - nba_prediction - INFO - Database tables created
2026-05-14 16:31:34,678 - nba_prediction - INFO - Database initialized
2026-05-14 16:31:37,115 - nba_prediction - INFO - DatabaseManager initialized at D:\vs.py\NBA\NBA_Prediction_TJCEIE\data\nba.db
2026-05-14 16:31:37,115 - nba_prediction - INFO - Database connection established
2026-05-14 16:31:37,117 - nba_prediction - INFO - Database tables created
2026-05-14 16:31:37,117 - nba_prediction - INFO - Database initialized
2026-05-14 16:38:57,088 - nba_prediction - INFO - DatabaseManager initialized at D:\vs.py\NBA\NBA_Prediction_TJCEIE\data\nba.db
2026-05-14 16:38:57,090 - nba_prediction - INFO - Database connection established
2026-05-14 16:38:57,091 - nba_prediction - INFO - Database tables created
2026-05-14 16:38:57,091 - nba_prediction - INFO - Database initialized
2026-05-14 16:38:57,861 - nba_prediction - INFO - DatabaseManager initialized at D:\vs.py\NBA\NBA_Prediction_TJCEIE\data\nba.db
2026-05-14 16:38:57,862 - nba_prediction - INFO - Database connection established
2026-05-14 16:38:57,862 - nba_prediction - INFO - Database tables created
2026-05-14 16:38:57,863 - nba_prediction - INFO - Database initialized
2026-05-14 16:39:16,993 - nba_prediction - INFO - DatabaseManager initialized at D:\vs.py\NBA\NBA_Prediction_TJCEIE\data\nba.db
2026-05-14 16:39:16,995 - nba_prediction - INFO - Database connection established
2026-05-14 16:39:16,996 - nba_prediction - INFO - Database tables created
2026-05-14 16:39:16,996 - nba_prediction - INFO - Database initialized
2026-05-14 16:39:17,105 - nba_prediction - INFO - DatabaseManager initialized at D:\vs.py\NBA\NBA_Prediction_TJCEIE\data\nba.db
2026-05-14 16:39:17,107 - nba_prediction - INFO - Database connection established
2026-05-14 16:39:17,108 - nba_prediction - INFO - Database tables created
2026-05-14 16:39:17,108 - nba_prediction - INFO - Database initialized
2026-05-14 16:39:35,593 - nba_prediction - INFO - DatabaseManager initialized at D:\vs.py\NBA\NBA_Prediction_TJCEIE\data\nba.db
2026-05-14 16:39:35,595 - nba_prediction - INFO - Database connection established
2026-05-14 16:39:35,595 - nba_prediction - INFO - Database tables created
2026-05-14 16:39:35,595 - nba_prediction - INFO - Database initialized
2026-05-14 16:39:37,634 - nba_prediction - INFO - DatabaseManager initialized at D:\vs.py\NBA\NBA_Prediction_TJCEIE\data\nba.db
2026-05-14 16:39:37,635 - nba_prediction - INFO - Database connection established
2026-05-14 16:39:37,635 - nba_prediction - INFO - Database tables created
2026-05-14 16:39:37,635 - nba_prediction - INFO - Database initialized
2026-05-14 16:40:27,696 - nba_prediction - INFO - DatabaseManager initialized at D:\vs.py\NBA\NBA_Prediction_TJCEIE\data\nba.db
2026-05-14 16:40:27,698 - nba_prediction - INFO - Database connection established
2026-05-14 16:40:27,698 - nba_prediction - INFO - Database tables created
2026-05-14 16:40:27,699 - nba_prediction - INFO - Database initialized
2026-05-14 16:40:29,793 - nba_prediction - INFO - DatabaseManager initialized at D:\vs.py\NBA\NBA_Prediction_TJCEIE\data\nba.db
2026-05-14 16:40:29,793 - nba_prediction - INFO - Database connection established
2026-05-14 16:40:29,793 - nba_prediction - INFO - Database tables created
2026-05-14 16:40:29,795 - nba_prediction - INFO - Database initialized
2026-05-14 16:41:29,045 - nba_prediction - INFO - DatabaseManager initialized at D:\vs.py\NBA\NBA_Prediction_TJCEIE\data\nba.db
2026-05-14 16:41:29,046 - nba_prediction - INFO - Database connection established
2026-05-14 16:41:29,047 - nba_prediction - INFO - Database tables created
2026-05-14 16:41:29,047 - nba_prediction - INFO - Database initialized
2026-05-14 16:41:31,527 - nba_prediction - INFO - DatabaseManager initialized at D:\vs.py\NBA\NBA_Prediction_TJCEIE\data\nba.db
2026-05-14 16:41:31,528 - nba_prediction - INFO - Database connection established
2026-05-14 16:41:31,529 - nba_prediction - INFO - Database tables created
2026-05-14 16:41:31,529 - nba_prediction - INFO - Database initialized
2026-05-14 16:44:23,124 - nba_prediction - INFO - DatabaseManager initialized at D:\vs.py\NBA\NBA_Prediction_TJCEIE\data\nba.db
2026-05-14 16:44:23,126 - nba_prediction - INFO - Database connection established
2026-05-14 16:44:23,127 - nba_prediction - INFO - Database tables created
2026-05-14 16:44:23,127 - nba_prediction - INFO - Database initialized
2026-05-14 16:44:23,170 - nba_prediction - INFO - DatabaseManager initialized at D:\vs.py\NBA\NBA_Prediction_TJCEIE\data\nba.db
2026-05-14 16:44:23,171 - nba_prediction - INFO - Database connection established
2026-05-14 16:44:23,172 - nba_prediction - INFO - Database tables created
2026-05-14 16:44:23,172 - nba_prediction - INFO - Database initialized
2026-05-14 16:44:23,180 - nba_prediction - INFO - DatabaseManager initialized at D:\vs.py\NBA\NBA_Prediction_TJCEIE\data\nba.db
2026-05-14 16:44:23,181 - nba_prediction - INFO - Database connection established
2026-05-14 16:44:23,182 - nba_prediction - INFO - Database tables created
2026-05-14 16:44:23,182 - nba_prediction - INFO - Database initialized
2026-05-14 16:44:36,453 - nba_prediction - INFO - DatabaseManager initialized at D:\vs.py\NBA\NBA_Prediction_TJCEIE\data\nba.db
2026-05-14 16:44:36,455 - nba_prediction - INFO - Database connection established
2026-05-14 16:44:36,455 - nba_prediction - INFO - Database tables created
2026-05-14 16:44:36,456 - nba_prediction - INFO - Database initialized
2026-05-14 16:44:36,476 - nba_prediction - INFO - DatabaseManager initialized at D:\vs.py\NBA\NBA_Prediction_TJCEIE\data\nba.db
2026-05-14 16:44:36,479 - nba_prediction - INFO - Database connection established
2026-05-14 16:44:36,480 - nba_prediction - INFO - Database tables created
2026-05-14 16:44:36,480 - nba_prediction - INFO - Database initialized
2026-05-14 16:44:36,513 - nba_prediction - INFO - DatabaseManager initialized at D:\vs.py\NBA\NBA_Prediction_TJCEIE\data\nba.db
2026-05-14 16:44:36,515 - nba_prediction - INFO - Database connection established
2026-05-14 16:44:36,516 - nba_prediction - INFO - Database tables created
2026-05-14 16:44:36,516 - nba_prediction - INFO - Database initialized
2026-05-14 16:44:51,819 - nba_prediction - INFO - DatabaseManager initialized at D:\vs.py\NBA\NBA_Prediction_TJCEIE\data\nba.db
2026-05-14 16:44:51,820 - nba_prediction - INFO - Database connection established
2026-05-14 16:44:51,820 - nba_prediction - INFO - Database tables created
2026-05-14 16:44:51,820 - nba_prediction - INFO - Database initialized
2026-05-14 16:44:51,823 - nba_prediction - INFO - DatabaseManager initialized at D:\vs.py\NBA\NBA_Prediction_TJCEIE\data\nba.db
2026-05-14 16:44:51,823 - nba_prediction - INFO - Database connection established
2026-05-14 16:44:51,824 - nba_prediction - INFO - Database tables created
2026-05-14 16:44:51,824 - nba_prediction - INFO - Database initialized
2026-05-14 16:44:51,892 - nba_prediction - INFO - DatabaseManager initialized at D:\vs.py\NBA\NBA_Prediction_TJCEIE\data\nba.db
2026-05-14 16:44:51,893 - nba_prediction - INFO - Database connection established
2026-05-14 16:44:51,894 - nba_prediction - INFO - Database tables created
2026-05-14 16:44:51,894 - nba_prediction - INFO - Database initialized
2026-05-14 16:45:27,450 - nba_prediction - INFO - DatabaseManager initialized at D:\vs.py\NBA\NBA_Prediction_TJCEIE\data\nba.db
2026-05-14 16:45:27,452 - nba_prediction - INFO - Database connection established
2026-05-14 16:45:27,452 - nba_prediction - INFO - Database tables created
2026-05-14 16:45:27,452 - nba_prediction - INFO - Database initialized
2026-05-14 16:45:27,487 - nba_prediction - INFO - DatabaseManager initialized at D:\vs.py\NBA\NBA_Prediction_TJCEIE\data\nba.db
2026-05-14 16:45:27,488 - nba_prediction - INFO - Database connection established
2026-05-14 16:45:27,490 - nba_prediction - INFO - Database tables created
2026-05-14 16:45:27,490 - nba_prediction - INFO - Database initialized
2026-05-14 16:45:27,587 - nba_prediction - INFO - DatabaseManager initialized at D:\vs.py\NBA\NBA_Prediction_TJCEIE\data\nba.db
2026-05-14 16:45:27,591 - nba_prediction - INFO - Database connection established
2026-05-14 16:45:27,593 - nba_prediction - INFO - Database tables created
2026-05-14 16:45:27,593 - nba_prediction - INFO - Database initialized
2026-05-14 16:45:36,493 - nba_prediction - INFO - DatabaseManager initialized at D:\vs.py\NBA\NBA_Prediction_TJCEIE\data\nba.db
2026-05-14 16:45:36,494 - nba_prediction - INFO - Database connection established
2026-05-14 16:45:36,495 - nba_prediction - INFO - Database tables created
2026-05-14 16:45:36,495 - nba_prediction - INFO - Database initialized
2026-05-14 16:45:36,504 - nba_prediction - INFO - DatabaseManager initialized at D:\vs.py\NBA\NBA_Prediction_TJCEIE\data\nba.db
2026-05-14 16:45:36,505 - nba_prediction - INFO - Database connection established
2026-05-14 16:45:36,506 - nba_prediction - INFO - Database tables created
2026-05-14 16:45:36,506 - nba_prediction - INFO - Database initialized
2026-05-14 16:45:36,527 - nba_prediction - INFO - DatabaseManager initialized at D:\vs.py\NBA\NBA_Prediction_TJCEIE\data\nba.db
2026-05-14 16:45:36,528 - nba_prediction - INFO - Database connection established
2026-05-14 16:45:36,529 - nba_prediction - INFO - Database tables created
2026-05-14 16:45:36,529 - nba_prediction - INFO - Database initialized
2026-05-14 16:48:18,079 - nba_prediction - INFO - DatabaseManager initialized at D:\vs.py\NBA\NBA_Prediction_TJCEIE\data\nba.db
2026-05-14 16:48:18,081 - nba_prediction - INFO - Database connection established
2026-05-14 16:48:18,082 - nba_prediction - INFO - Database tables created
2026-05-14 16:48:18,082 - nba_prediction - INFO - Database initialized
2026-05-14 16:48:20,905 - nba_prediction - INFO - DatabaseManager initialized at D:\vs.py\NBA\NBA_Prediction_TJCEIE\data\nba.db
2026-05-14 16:48:20,907 - nba_prediction - INFO - Database connection established
2026-05-14 16:48:20,909 - nba_prediction - INFO - Database tables created
2026-05-14 16:48:20,909 - nba_prediction - INFO - Database initialized
